$ cd model
$ SKIP_TRAINING=1 PRETRAINED_CHECKPOINT=saved_models/cnn_sngp_adapt.pth python run_cnn_sngp_adapt.py

CUDA Available: True
train_target_loader_all_semi: 190/631 samples kept as labeled anchors, rest unlabeled (-1)
Loaded cached datasets from xrd_dataset_cache.pt
Combined loaders:
  train_source_loader_all (D1-D3): 676
  train_target_loader_all (D1-D3): 631
  test_source_loader_all (D1-D4) : 89
  test_target_loader_all (D1-D4) : 79
SKIP_TRAINING=1 -- loading pretrained checkpoint from saved_models/cnn_sngp_adapt.pth

======================================================================
Overall accuracy on the whole dataset
======================================================================
                     Simulation              Experimental
Train accuracy:      100.00% (n= 676)    100.00% (n= 631)
Test accuracy:       100.00% (n=  74)    100.00% (n=  69)

Train accuracy   (n=1307): 100.00%
Test accuracy    (n=143):  100.00%
Overall accuracy (n=1450): 100.00%

======================================================================
Latent-space visualization (t-SNE)
======================================================================

======================================================================
Uncertainty & OOD detection (SNGP predictive uncertainty)
======================================================================
ID (train_source_all) uncertainty:      mean=0.0147
OOD (test_source_all) uncertainty:       mean=0.0585
OOD (OOD_data_loader) uncertainty:       mean=0.5596
OOD (OOD_bad_data_loader) uncertainty:   mean=0.0319

======================================================================
Confidence analysis
======================================================================
Mean predictive confidence: 0.9853258
Std predictive confidence: 0.0011377435
ID confidence:  mean=0.9855 std=0.0014
OOD confidence: mean=0.7257 std=0.2180

======================================================================
Latent-space quality metrics (silhouette & source/target alignment)
======================================================================
Silhouette score: 0.8436794
Train Alignment Distance: 1.6593
Per-class distances: {0: 2.1043634, 1: 1.319243, 2: 1.5544043}

======================================================================
Final latent-space visualization (openTSNE)
======================================================================
